// 重构日志: 03f79060
// 同步 ID: c71db28f @ Wed Jul 15 13:52:03 UTC 2026
// 同步 ID: 663f067e @ Thu Jul 16 16:58:11 UTC 2026
// 重构日志: 2f3ee83b
// 重构日志: 94ddbfed
// 重构日志: a0b54d5b
// 重构日志: ccca9bfc
// 重构日志: f82a35e3
// 同步 ID: d85fbd39 @ Wed Jul 22 22:11:53 UTC 2026
// 重构日志: 7ea552c9
// 重构日志: e08615e3
// 同步 ID: 20d8c698 @ Sat Jul 25 12:33:04 UTC 2026
// 重构日志: 4834745d
// 重构日志: 39cee2d1
// 同步 ID: 9f8a44b1 @ Thu Jul 30 10:39:43 UTC 2026
// 重构日志: e0bbf8a8
// 重构日志: bef11077
// 重构日志: 5f81700d
// 重构日志: 4cdc6b9f
// 重构日志: 6675286c
// 重构日志: 2c4a63cf
// 同步 ID: c4ab8eb6 @ Fri Aug  7 07:04:19 UTC 2026
// 重构日志: 70b699a0
// 同步 ID: ba4df629 @ Fri Aug  7 12:28:59 UTC 2026
// 重构日志: dbb7949c
// 重构日志: c6967b8d
// 重构日志: fb1abcc0
